// Jest Snapshot v1, https://goo.gl/fbAQLP

exports[`should render FilesUploader 1`] = `
Object {
  "asFragment": [Function],
  "baseElement": <body>
    <div
      data-evergreen-toaster-container=""
    >
      <span
        class="css-1sugtjn"
      />
    </div>
    <div>
      <input
        accept="image/*"
        id="upload-btn"
        multiple=""
        type="file"
      />
      <label
        class="upload-btn-label"
        for="upload-btn"
      >
        <svg
          class="css-1oxm3o5 ub-w_20px ub-h_20px ub-box-szg_border-box"
          data-icon="arrow-up"
          viewBox="0 0 20 20"
        >
          <path
            d="M16.7 7.3l-6-6c-.2-.2-.4-.3-.7-.3s-.5.1-.7.3l-6 6c-.2.2-.3.4-.3.7 0 .6.5 1 1 1 .3 0 .5-.1.7-.3L9 4.4V18c0 .5.4 1 1 1s1-.5 1-1V4.4l4.3 4.3c.2.2.4.3.7.3.5 0 1-.4 1-1 0-.3-.1-.5-.3-.7z"
            fill-rule="evenodd"
          />
        </svg>
      </label>
    </div>
  </body>,
  "container": <div>
    <input
      accept="image/*"
      id="upload-btn"
      multiple=""
      type="file"
    />
    <label
      class="upload-btn-label"
      for="upload-btn"
    >
      <svg
        class="css-1oxm3o5 ub-w_20px ub-h_20px ub-box-szg_border-box"
        data-icon="arrow-up"
        viewBox="0 0 20 20"
      >
        <path
          d="M16.7 7.3l-6-6c-.2-.2-.4-.3-.7-.3s-.5.1-.7.3l-6 6c-.2.2-.3.4-.3.7 0 .6.5 1 1 1 .3 0 .5-.1.7-.3L9 4.4V18c0 .5.4 1 1 1s1-.5 1-1V4.4l4.3 4.3c.2.2.4.3.7.3.5 0 1-.4 1-1 0-.3-.1-.5-.3-.7z"
          fill-rule="evenodd"
        />
      </svg>
    </label>
  </div>,
  "debug": [Function],
  "findAllByAltText": [Function],
  "findAllByDisplayValue": [Function],
  "findAllByLabelText": [Function],
  "findAllByPlaceholderText": [Function],
  "findAllByRole": [Function],
  "findAllByTestId": [Function],
  "findAllByText": [Function],
  "findAllByTitle": [Function],
  "findByAltText": [Function],
  "findByDisplayValue": [Function],
  "findByLabelText": [Function],
  "findByPlaceholderText": [Function],
  "findByRole": [Function],
  "findByTestId": [Function],
  "findByText": [Function],
  "findByTitle": [Function],
  "getAllByAltText": [Function],
  "getAllByDisplayValue": [Function],
  "getAllByLabelText": [Function],
  "getAllByPlaceholderText": [Function],
  "getAllByRole": [Function],
  "getAllByTestId": [Function],
  "getAllByText": [Function],
  "getAllByTitle": [Function],
  "getByAltText": [Function],
  "getByDisplayValue": [Function],
  "getByLabelText": [Function],
  "getByPlaceholderText": [Function],
  "getByRole": [Function],
  "getByTestId": [Function],
  "getByText": [Function],
  "getByTitle": [Function],
  "queryAllByAltText": [Function],
  "queryAllByDisplayValue": [Function],
  "queryAllByLabelText": [Function],
  "queryAllByPlaceholderText": [Function],
  "queryAllByRole": [Function],
  "queryAllByTestId": [Function],
  "queryAllByText": [Function],
  "queryAllByTitle": [Function],
  "queryByAltText": [Function],
  "queryByDisplayValue": [Function],
  "queryByLabelText": [Function],
  "queryByPlaceholderText": [Function],
  "queryByRole": [Function],
  "queryByTestId": [Function],
  "queryByText": [Function],
  "queryByTitle": [Function],
  "rerender": [Function],
  "unmount": [Function],
}
`;
